============================= test session starts =============================
platform win32 -- Python 3.10.11, pytest-9.0.2, pluggy-1.6.0 -- C:\Users\lporfiri\RPA\sam\.venv\Scripts\python.exe
cachedir: .pytest_cache
rootdir: C:\Users\lporfiri\RPA\sam
configfile: pyproject.toml
plugins: anyio-4.12.0, asyncio-1.3.0, cov-7.0.0, mock-3.15.1
asyncio: mode=auto, debug=False, asyncio_default_fixture_loop_scope=None, asyncio_default_test_loop_scope=function
collecting ... collected 79 items / 1 error

=================================== ERRORS ====================================
_____________________ ERROR collecting tests/test_web.py ______________________
ImportError while importing test module 'C:\Users\lporfiri\RPA\sam\tests\test_web.py'.
Hint: make sure your test modules/packages have valid Python names.
Traceback:
..\..\AppData\Local\Programs\Python\Python310\lib\importlib\__init__.py:126: in import_module
    return _bootstrap._gcd_import(name[level:], package, level)
tests\test_web.py:7: in <module>
    from sam.web.main import app
E   ImportError: cannot import name 'app' from 'sam.web.main' (C:\Users\lporfiri\RPA\sam\src\sam\web\main.py)
============================== warnings summary ===============================
src\sam\web\backend\api.py:37
  C:\Users\lporfiri\RPA\sam\src\sam\web\backend\api.py:37: DeprecationWarning:
          on_event is deprecated, use lifespan event handlers instead.

          Read more about it in the
          [FastAPI docs for Lifespan Events](https://fastapi.tiangolo.com/advanced/events/).

    @router.on_event("startup")

-- Docs: https://docs.pytest.org/en/stable/how-to/capture-warnings.html
=========================== short test summary info ===========================
ERROR tests/test_web.py
!!!!!!!!!!!!!!!!!!! Interrupted: 1 error during collection !!!!!!!!!!!!!!!!!!!!
========================= 1 warning, 1 error in 1.74s =========================
